
> hospital-management-frontend@1.0.0 build
> node scripts/build.mjs

node.exe : C:\Users\moham\OneDrive\Documents\hospital  management system\frontend\node_modules\postcss\lib\input.js:135
At line:1 char:1
+ & "C:\Program Files\nodejs/node.exe" "C:\Program Files\nodejs/node_mo ...
+ ~~~~~~~~~~~~~~~~~~~~~~~~~~~~~~~~~~~~~~~~~~~~~~~~~~~~~~~~~~~~~~~~~~~~~
    + CategoryInfo          : NotSpecified: (C:\Users\moham\...ib\input.js:135:String) [], RemoteException
    + FullyQualifiedErrorId : NativeCommandError
 
      result = new CssSyntaxError(
               ^

CssSyntaxError: C:\Users\moham\OneDrive\Documents\hospital  management system\frontend\src\styles.css:1:1: The 
`bg-navyBlue-300/30` class does not exist. If `bg-navyBlue-300/30` is a custom class, make sure it is defined within a 
`@layer` directive.
    at Input.error (C:\Users\moham\OneDrive\Documents\hospital  management 
system\frontend\node_modules\postcss\lib\input.js:135:16)
    at AtRule.error (C:\Users\moham\OneDrive\Documents\hospital  management 
system\frontend\node_modules\postcss\lib\node.js:146:32)
    at processApply (C:\Users\moham\OneDrive\Documents\hospital  management 
system\frontend\node_modules\tailwindcss\lib\lib\expandApplyAtRules.js:380:29)
    at C:\Users\moham\OneDrive\Documents\hospital  management 
system\frontend\node_modules\tailwindcss\lib\lib\expandApplyAtRules.js:551:9
    at C:\Users\moham\OneDrive\Documents\hospital  management 
system\frontend\node_modules\tailwindcss\lib\processTailwindFeatures.js:55:50
    at async plugins (C:\Users\moham\OneDrive\Documents\hospital  management 
system\frontend\node_modules\tailwindcss\lib\plugin.js:38:17)
    at async LazyResult.runAsync (C:\Users\moham\OneDrive\Documents\hospital  management 
system\frontend\node_modules\postcss\lib\lazy-result.js:293:11)
    at async 
file:///C:/Users/moham/OneDrive/Documents/hospital%20%20management%20system/frontend/scripts/build.mjs:94:19 {
  reason: 'The `bg-navyBlue-300/30` class does not exist. If `bg-navyBlue-300/30` is a custom class, make sure it is 
defined within a `@layer` directive.',
  file: 'C:\\Users\\moham\\OneDrive\\Documents\\hospital  management system\\frontend\\src\\styles.css',
  source: '@tailwind base;\n' +
    '@tailwind components;\n' +
    '@tailwind utilities;\n' +
    '\n' +
    '@layer base {\n' +
    '  body {\n' +
    '    @apply font-sans antialiased selection:bg-royalBlue/20 transition-colors duration-500;\n' +
    '    background-color: #f8fafc;\n' +
    '    color: #071B34; /* navyBlue */\n' +
    '    min-height: 100vh;\n' +
    '  }\n' +
    '  \n' +
    '  html.dark body {\n' +
    '    background-color: #071B34; /* navyBlue-950 */\n' +
    '    color: #f0f4f9; /* navyBlue-50 */\n' +
    '  }\n' +
    '\n' +
    '  /* Custom Scrollbar */\n' +
    '  ::-webkit-scrollbar {\n' +
    '    width: 6px;\n' +
    '    height: 6px;\n' +
    '  }\n' +
    '  ::-webkit-scrollbar-track {\n' +
    '    @apply bg-transparent;\n' +
    '  }\n' +
    '  ::-webkit-scrollbar-thumb {\n' +
    '    @apply rounded-full bg-navyBlue-300/30 hover:bg-royalBlue/50 transition-colors;\n' +
    '  }\n' +
    '}\n' +
    '\n' +
    '@layer components {\n' +
    '  .sidebar-glass {\n' +
    '    @apply border-r border-white/5 bg-navyBlue/80 backdrop-blur-3xl;\n' +
    '  }\n' +
    '  \n' +
    '  .navbar-glass {\n' +
    '    @apply border-b border-navyBlue-100 bg-white/70 backdrop-blur-2xl dark:border-navyBlue-800 
dark:bg-navyBlue/70;\n' +
    '  }\n' +
    '\n' +
    '  .stat-card {\n' +
    '    @apply relative overflow-hidden rounded-[28px] border border-navyBlue-100 bg-white p-6 shadow-xl 
shadow-navyBlue-200/10 transition-all duration-500 hover:-translate-y-1.5 hover:shadow-2xl hover:shadow-royalBlue/10 
dark:border-navyBlue-800 dark:bg-navyBlue-900/40 dark:backdrop-blur-xl dark:shadow-none 
dark:hover:border-royalBlue/40;\n' +
    '  }\n' +
    '\n' +
    '  .panel {\n' +
    '    @apply rounded-[32px] border border-navyBlue-100 bg-white shadow-2xl shadow-navyBlue-200/10 
dark:border-navyBlue-800 dark:bg-navyBlue-900/20 dark:backdrop-blur-2xl dark:shadow-none;\n' +
    '  }\n' +
    '\n' +
    '  .btn-primary {\n' +
    '    @apply inline-flex items-center justify-center gap-2 rounded-2xl bg-royalBlue px-6 py-3.5 text-sm font-bold 
text-white transition-all duration-300 hover:scale-[1.02] hover:bg-royalBlue-700 active:scale-95 shadow-lg 
shadow-royalBlue/20;\n' +
    '  }\n' +
    '\n' +
    '  .btn-secondary {\n' +
    '    @apply inline-flex items-center justify-center gap-2 rounded-2xl border border-navyBlue-100 bg-navyBlue-50 
px-6 py-3.5 text-sm font-bold text-navyBlue transition-all duration-300 hover:bg-navyBlue-100 dark:border-navyBlue-800 
dark:bg-navyBlue-900/40 dark:text-navyBlue-200 dark:hover:bg-navyBlue-800/60;\n' +
    '  }\n' +
    '\n' +
    '  .input-field {\n' +
    '    @apply w-full rounded-2xl border border-navyBlue-100 bg-navyBlue-50/50 px-5 py-3.5 text-sm font-medium 
text-navyBlue-900 outline-none transition-all placeholder:text-navyBlue-300 focus:border-royalBlue focus:ring-4 
focus:ring-royalBlue/5 dark:border-navyBlue-800 dark:bg-navyBlue-900/30 dark:text-white 
dark:placeholder:text-navyBlue-600;\n' +
    '  }\n' +
    '\n' +
    '  .table-container {\n' +
    '    @apply overflow-hidden rounded-[24px] border border-navyBlue-100 bg-white dark:border-navyBlue-800 
dark:bg-navyBlue-900/40 dark:backdrop-blur-xl;\n' +
    '  }\n' +
    '}\n' +
    '\n' +
    '.animate-fade-in {\n' +
    '  animation: fadeIn 0.5s ease-out forwards;\n' +
    '}\n' +
    '\n' +
    '@keyframes fadeIn {\n' +
    '  from { opacity: 0; transform: translateY(10px); }\n' +
    '  to { opacity: 1; transform: translateY(0); }\n' +
    '}\n' +
    '\n' +
    '.custom-scrollbar::-webkit-scrollbar {\n' +
    '  width: 4px;\n' +
    '}\n' +
    '\n' +
    '.text-balance { text-wrap: balance; }\n',
  line: 1,
  column: 1,
  endLine: 1,
  endColumn: 16,
  input: {
    column: 1,
    endColumn: 16,
    endLine: 1,
    endOffset: 15,
    line: 1,
    offset: 0,
    source: '@tailwind base;\n' +
      '@tailwind components;\n' +
      '@tailwind utilities;\n' +
      '\n' +
      '@layer base {\n' +
      '  body {\n' +
      '    @apply font-sans antialiased selection:bg-royalBlue/20 transition-colors duration-500;\n' +
      '    background-color: #f8fafc;\n' +
      '    color: #071B34; /* navyBlue */\n' +
      '    min-height: 100vh;\n' +
      '  }\n' +
      '  \n' +
      '  html.dark body {\n' +
      '    background-color: #071B34; /* navyBlue-950 */\n' +
      '    color: #f0f4f9; /* navyBlue-50 */\n' +
      '  }\n' +
      '\n' +
      '  /* Custom Scrollbar */\n' +
      '  ::-webkit-scrollbar {\n' +
      '    width: 6px;\n' +
      '    height: 6px;\n' +
      '  }\n' +
      '  ::-webkit-scrollbar-track {\n' +
      '    @apply bg-transparent;\n' +
      '  }\n' +
      '  ::-webkit-scrollbar-thumb {\n' +
      '    @apply rounded-full bg-navyBlue-300/30 hover:bg-royalBlue/50 transition-colors;\n' +
      '  }\n' +
      '}\n' +
      '\n' +
      '@layer components {\n' +
      '  .sidebar-glass {\n' +
      '    @apply border-r border-white/5 bg-navyBlue/80 backdrop-blur-3xl;\n' +
      '  }\n' +
      '  \n' +
      '  .navbar-glass {\n' +
      '    @apply border-b border-navyBlue-100 bg-white/70 backdrop-blur-2xl dark:border-navyBlue-800 
dark:bg-navyBlue/70;\n' +
      '  }\n' +
      '\n' +
      '  .stat-card {\n' +
      '    @apply relative overflow-hidden rounded-[28px] border border-navyBlue-100 bg-white p-6 shadow-xl 
shadow-navyBlue-200/10 transition-all duration-500 hover:-translate-y-1.5 hover:shadow-2xl hover:shadow-royalBlue/10 
dark:border-navyBlue-800 dark:bg-navyBlue-900/40 dark:backdrop-blur-xl dark:shadow-none 
dark:hover:border-royalBlue/40;\n' +
      '  }\n' +
      '\n' +
      '  .panel {\n' +
      '    @apply rounded-[32px] border border-navyBlue-100 bg-white shadow-2xl shadow-navyBlue-200/10 
dark:border-navyBlue-800 dark:bg-navyBlue-900/20 dark:backdrop-blur-2xl dark:shadow-none;\n' +
      '  }\n' +
      '\n' +
      '  .btn-primary {\n' +
      '    @apply inline-flex items-center justify-center gap-2 rounded-2xl bg-royalBlue px-6 py-3.5 text-sm font-bold 
text-white transition-all duration-300 hover:scale-[1.02] hover:bg-royalBlue-700 active:scale-95 shadow-lg 
shadow-royalBlue/20;\n' +
      '  }\n' +
      '\n' +
      '  .btn-secondary {\n' +
      '    @apply inline-flex items-center justify-center gap-2 rounded-2xl border border-navyBlue-100 bg-navyBlue-50 
px-6 py-3.5 text-sm font-bold text-navyBlue transition-all duration-300 hover:bg-navyBlue-100 dark:border-navyBlue-800 
dark:bg-navyBlue-900/40 dark:text-navyBlue-200 dark:hover:bg-navyBlue-800/60;\n' +
      '  }\n' +
      '\n' +
      '  .input-field {\n' +
      '    @apply w-full rounded-2xl border border-navyBlue-100 bg-navyBlue-50/50 px-5 py-3.5 text-sm font-medium 
text-navyBlue-900 outline-none transition-all placeholder:text-navyBlue-300 focus:border-royalBlue focus:ring-4 
focus:ring-royalBlue/5 dark:border-navyBlue-800 dark:bg-navyBlue-900/30 dark:text-white 
dark:placeholder:text-navyBlue-600;\n' +
      '  }\n' +
      '\n' +
      '  .table-container {\n' +
      '    @apply overflow-hidden rounded-[24px] border border-navyBlue-100 bg-white dark:border-navyBlue-800 
dark:bg-navyBlue-900/40 dark:backdrop-blur-xl;\n' +
      '  }\n' +
      '}\n' +
      '\n' +
      '.animate-fade-in {\n' +
      '  animation: fadeIn 0.5s ease-out forwards;\n' +
      '}\n' +
      '\n' +
      '@keyframes fadeIn {\n' +
      '  from { opacity: 0; transform: translateY(10px); }\n' +
      '  to { opacity: 1; transform: translateY(0); }\n' +
      '}\n' +
      '\n' +
      '.custom-scrollbar::-webkit-scrollbar {\n' +
      '  width: 4px;\n' +
      '}\n' +
      '\n' +
      '.text-balance { text-wrap: balance; }\n',
    url: 'file:///C:/Users/moham/OneDrive/Documents/hospital%20%20management%20system/frontend/src/styles.css',
    file: 'C:\\Users\\moham\\OneDrive\\Documents\\hospital  management system\\frontend\\src\\styles.css'
  },
  plugin: undefined
}

Node.js v22.20.0
